2026-10-11 07:07:43.947 AsoBMaShow[57513:10769943] FPS 57.7 | Avg 60.0 | 1% Low 56.6 | Scheduler 252225.95 us (3.96 Hz) | Events raw 0 proc 0 coalesced M/F/R 0/0/0
2026-10-11 07:07:43.947 AsoBMaShow[57513:10769943] Audio native callback 86 frames at 8000 Hz | output timestamp available | underflow reporting unknown (0) | physical display presentation unknown
2026-10-11 07:07:43.948 AsoBMaShow[57513:10769943] Latency stage audio-callback | n 10789 | p50/p95/p99 <= 100/100/100 us | max 1167 us
2026-10-11 07:07:43.948 AsoBMaShow[57513:10769943] Latency stage audio-interval | n 10786 | p50/p95/p99 <= 10700/10800/10800 us | max 13555 us
2026-10-11 07:07:43.948 AsoBMaShow[57513:10769943] Latency stage native-output-lead | n 10788 | p50/p95/p99 <= 14100/14100/14100 us | max 14156 us
2026-10-11 07:07:43.948 AsoBMaShow[57513:10769943] Latency stage frame-submit | n 6641 | p50/p95/p99 <= 5700/12300/16000 us | max 708286 us
2026-10-11 07:07:43.948 AsoBMaShow[57513:10769943] Latency stage snapshot-age | n 1108 | p50/p95/p99 <= 1500/13200/17100 us | max 36473 us
2026-10-11 07:07:43.948 AsoBMaShow[57513:10769943] Latency stage source-to-ingress | n 900 | p50/p95/p99 <= 1400/2400/4100 us | max 18639 us
2026-10-11 07:07:43.948 AsoBMaShow[57513:10769943] Latency stage ingress-to-worker | n 600 | p50/p95/p99 <= 200/1900/5900 us | max 8390 us
2026-10-11 07:07:43.948 AsoBMaShow[57513:10769943] Latency stage worker-to-sound-command | n 300 | p50/p95/p99 <= 100/100/200 us | max 514 us
2026-10-11 07:07:43.948 AsoBMaShow[57513:10769943] Latency stage sound-command-to-callback | n 300 | p50/p95/p99 <= 4900/10300/10600 us | max 10694 us
2026-10-11 07:07:43.948 AsoBMaShow[57513:10769943] Latency stage touch-to-worker | n 600 | p50/p95/p99 <= 1700/4400/8000 us | max 19517 us
2026-10-11 07:07:43.948 AsoBMaShow[57513:10769943] Latency stage touch-to-sound-command | n 300 | p50/p95/p99 <= 1900/4400/6800 us | max 11462 us
2026-10-11 07:07:43.949 AsoBMaShow[57513:10769943] iOS touch probe matched 600 missing 0 synchronous SDL fingers 0
2026-10-11 07:07:43.949 AsoBMaShow[57513:10769943] iOS touch segment source-to-uikit | n 600 | p50/p95/p99 <= 1421/2422/4179 us | max 18624 us
2026-10-11 07:07:43.949 AsoBMaShow[57513:10769943] iOS touch segment uikit-to-gameplay | n 600 | p50/p95/p99 <= 19/31/43 us | max 54 us
2026-10-11 07:07:43.949 AsoBMaShow[57513:10769943] iOS touch segment gameplay-to-enqueue | n 600 | p50/p95/p99 <= 9/19/22 us | max 169 us
2026-10-11 07:07:43.950 AsoBMaShow[57513:10769943] iOS touch segment uikit-to-enqueue | n 600 | p50/p95/p99 <= 24/37/53 us | max 177 us
2026-10-11 07:07:43.950 AsoBMaShow[57513:10769943] iOS touch segment source-to-enqueue | n 600 | p50/p95/p99 <= 1447/2447/4194 us | max 18683 us
2026-10-11 07:07:43.950 AsoBMaShow[57513:10769943] iOS touch segment uikit-handler | n 600 | p50/p95/p99 <= 40/66/116 us | max 113059 us
